../Core/Inc/TEA5767.h:59:6:TEA5767_write	16	static
../Core/Inc/TEA5767.h:63:6:TEA5767_read	16	static
../Core/Inc/TEA5767.h:67:6:TEA5767_SetFreq	32	static
../Core/Inc/TEA5767.h:88:9:TEA5767_get_ADC	8	static
../Core/Inc/TEA5767.h:92:9:TEA5767_hilo_optimal	40	static
../Core/Inc/TEA5767.h:109:6:TEA5767_set_frequency	16	static
../Core/Inc/TEA5767.h:114:9:TEA5767_get_ready	16	static
../Core/Inc/TEA5767.h:120:9:TEA5767_get_blr	8	static
../Core/Inc/TEA5767.h:124:7:TEA5767_get_freq	16	static
../Core/Inc/TEA5767.h:137:6:TEA5767_scan	32	static
../Core/Inc/TEA5767.h:166:6:TEA5767_auto_scan	24	static
../Core/Inc/TEA5767.h:189:6:TEA5767_scanning	16	static
../Core/Inc/TEA5767.h:204:6:delay_us	16	static
../Core/Src/main.c:76:5:main	8	static
../Core/Src/main.c:129:6:SystemClock_Config	136	static
../Core/Src/main.c:178:13:MX_I2C2_Init	8	static
../Core/Src/main.c:226:13:MX_TIM2_Init	32	static
../Core/Src/main.c:271:13:MX_USART2_UART_Init	8	static
../Core/Src/main.c:306:13:MX_GPIO_Init	56	static
../Core/Src/main.c:346:6:Error_Handler	8	static,ignoring_inline_asm
